stderr:

Compiling 'errors_optional.zs'
Pass 1: Parsing
Pass 2: Preprocessing
Pass 3: Registration
errors_optional.zs Line 12 @ Columns 36-38 - Error S109: Function 'optional_params_3' has an optional parameter whose default value is not a constant expression

10    
11    // not ok, strings currently aren't considered compile time values (but probably should be)
12    int optional_params_3(char32[] a = "") {
                                         ^~


errors_optional.zs Line 26 @ Columns 31-48 - Error R075: Global variable initializers can only contain calls to 'constexpr' functions

24    
25    // not ok, not a compile time value
26    int optional_params_5(int a = optional_params_1()) {
                                    ^~~~~~~~~~~~~~~~~


errors_optional.zs Line 31 @ Columns 37-40 - Error T019: Attempting to divide by 0.

29    
30    // not ok
31    int optional_params_6(int a = <int>(3/0)) {
                                          ^~~


errors_optional.zs Line 26 @ Columns 31-50 - Error S109: Function 'optional_params_5' has an optional parameter whose default value is not a constant expression

24    
25    // not ok, not a compile time value
26    int optional_params_5(int a = optional_params_1()) {
                                    ^~~~~~~~~~~~~~~~~~~


errors_optional.zs Line 31 @ Columns 37-40 - Error T019: Attempting to divide by 0.

29    
30    // not ok
31    int optional_params_6(int a = <int>(3/0)) {
                                          ^~~


errors_optional.zs Line 31 @ Columns 37-40 - Error T019: Attempting to divide by 0.

29    
30    // not ok
31    int optional_params_6(int a = <int>(3/0)) {
                                          ^~~


Failure!
Compile finished with exit code '109' (compiled with errors)

stdout:

{
  "success": false,
  "code": 109,
  "diagnostics": [
    {
      "range": {
        "start": {
          "line": 11,
          "character": 35
        },
        "end": {
          "line": 11,
          "character": 37
        }
      },
      "severity": 1,
      "message": "S109: Function 'optional_params_3' has an optional parameter whose default value is not a constant expression"
    },
    {
      "range": {
        "start": {
          "line": 25,
          "character": 30
        },
        "end": {
          "line": 25,
          "character": 47
        }
      },
      "severity": 1,
      "message": "R075: Global variable initializers can only contain calls to 'constexpr' functions"
    },
    {
      "range": {
        "start": {
          "line": 30,
          "character": 36
        },
        "end": {
          "line": 30,
          "character": 39
        }
      },
      "severity": 1,
      "message": "T019: Attempting to divide by 0."
    },
    {
      "range": {
        "start": {
          "line": 25,
          "character": 30
        },
        "end": {
          "line": 25,
          "character": 49
        }
      },
      "severity": 1,
      "message": "S109: Function 'optional_params_5' has an optional parameter whose default value is not a constant expression"
    },
    {
      "range": {
        "start": {
          "line": 30,
          "character": 36
        },
        "end": {
          "line": 30,
          "character": 39
        }
      },
      "severity": 1,
      "message": "T019: Attempting to divide by 0."
    },
    {
      "range": {
        "start": {
          "line": 30,
          "character": 36
        },
        "end": {
          "line": 30,
          "character": 39
        }
      },
      "severity": 1,
      "message": "T019: Attempting to divide by 0."
    }
  ],
  "metadata": {
    "currentFileSymbols": 7,
    "symbols": 3,
    "identifiers": 3,
    "elided": true
  }
}
